============================= test session starts =============================
platform win32 -- Python 3.11.3, pytest-8.4.1, pluggy-1.6.0 -- D:\_APP\LOGReport\.venv\Scripts\python.exe
cachedir: .pytest_cache
rootdir: D:\_APP\LOGReport
plugins: cov-6.2.1
collecting ... collected 2 items

tests/commander/test_context_menu_tokens.py::test_context_menu_shows_correct_tokens 
