============================= test session starts =============================
platform win32 -- Python 3.11.3, pytest-8.4.1, pluggy-1.6.0
rootdir: D:\_APP\LOGReport
plugins: cov-6.2.1
collected 6 items

tests\commander\test_telnet_command_output.py ..
